[www.desmos.com/calculator.html]
[backblue.gif]
[fade.gif]
[index.html]
[s3.amazonaws.com/desmos/img/calc_thumb.png]
[www.desmos.com/calculator3322.html]
[www.desmos.com/calculatorc69a.html]
[www.desmos.com/calculator91b9.html]
[www.desmos.com/calculatore68f.html]
[www.desmos.com/calculator9bb4.html]
[www.desmos.com/calculatorcf53.html]
[www.desmos.com/calculatorc9e6.html]
[www.desmos.com/calculator7542.html]
[www.desmos.com/calculatorcdb1.html]
[www.desmos.com/calculator6bf8.html]
[www.desmos.com/calculator045b.html]
[www.desmos.com/calculator2139.html]
[www.desmos.com/calculator981f.html]
[www.desmos.com/calculatorcc5a.html]
[www.desmos.com/calculator2296.html]
[www.desmos.com/calculator9277.html]
[www.desmos.com/calculatore034.html]
[www.desmos.com/calculatorc425.html]
[www.desmos.com/calculatorabd4.html]
[www.desmos.com/assets/build/calculator_desktop-bb561d8c9cf36cd38d02c3fa6b2f483e89ff263a.css]
[www.desmos.com/assets/img/apple-touch-icon-precomposed.png]
[www.desmos.com/assets/img/apple-touch-icon-72x72-precomposed.png]
[www.desmos.com/assets/img/apple-touch-icon-76x76-precomposed.png]
[www.desmos.com/assets/img/apple-touch-icon-114x114-precomposed.png]
[www.desmos.com/assets/img/apple-touch-icon-120x120-precomposed.png]
[www.desmos.com/assets/img/apple-touch-icon-144x144-precomposed.png]
[www.desmos.com/assets/img/apple-touch-icon-152x152-precomposed.png]
[www.desmos.com/assets/img/apple-touch-icon-180x180-precomposed.png]
[www.desmos.com/assets/img/touch-icon-192x192.png]
[www.desmos.com/favicon.ico]
[www.desmos.com/calculator.html]
[www.desmos.com/calculator3322.html]
[www.desmos.com/calculatorc69a.html]
[www.desmos.com/calculator91b9.html]
[www.desmos.com/calculatore68f.html]
[www.desmos.com/calculator9bb4.html]
[www.desmos.com/calculatorcf53.html]
[www.desmos.com/calculatorc9e6.html]
[www.desmos.com/calculator7542.html]
[www.desmos.com/calculatorcdb1.html]
[www.desmos.com/calculator6bf8.html]
[www.desmos.com/calculator045b.html]
[www.desmos.com/calculator2139.html]
[www.desmos.com/calculator981f.html]
[www.desmos.com/calculatorcc5a.html]
[www.desmos.com/calculator2296.html]
[www.desmos.com/calculator9277.html]
[www.desmos.com/calculatore034.html]
[www.desmos.com/calculatorc425.html]
[www.desmos.com/calculatorabd4.html]
[www.desmos.com/assets/build/calculator_desktop-bb561d8c9cf36cd38d02c3fa6b2f483e89ff263a.css]
[www.desmos.com/assets/build/calculator_desktop-bce49931909b9ee95fd68fd8858d6d91c39cb603.js]
